
	Position file = data/processed/cutntag/homer_input/gained_anchor_promoters.bed
	Genome = hg38
	Output Directory = data/processed/cutntag/homer_motifs/gained_anchor_promoters
	Using actual sizes of regions (-size given)
	Fragment size set to given
	background position file: data/processed/cutntag/homer_input/all_promoters.bed
	Will use repeat masked sequences
	Using 8 CPUs
	Found mset for "human", will check against vertebrates motifs
	Peak/BED file conversion summary:
		BED/Header formatted lines: 610
		peakfile formatted lines: 0

	Peak File Statistics:
		Total Peaks: 610
		Redundant Peak IDs: 0
		Peaks lacking information: 0 (need at least 5 columns per peak)
		Peaks with misformatted coordinates: 0 (should be integer)
		Peaks with misformatted strand: 0 (should be either +/- or 0/1)

	Peak file looks good!

	Peak/BED file conversion summary:
		BED/Header formatted lines: 37174
		peakfile formatted lines: 0
	Max distance to merge: direct overlap required (-d given)
	Calculating co-bound peaks relative to reference: data/processed/cutntag/homer_motifs/gained_anchor_promoters/bg.clean.pos

	Comparing peaks: (peakfile, overlapping peaks, logRatio(obs/expected), logP)
		data/processed/cutntag/homer_motifs/gained_anchor_promoters/target.clean..pos	637	3.17	-1665.58

	Co-bound by 0 peaks: 36537
	Co-bound by 1 peaks: 637 (max: 637 effective total)
	Custom genome sequence directory: /nas/longleaf/rhel9/apps/homer/5.1/.//data/genomes/hg38//

	Extracting sequences from file: /nas/longleaf/rhel9/apps/homer/5.1/.//data/genomes/hg38///genome.fa
	Looking for peak sequences in a single file (/nas/longleaf/rhel9/apps/homer/5.1/.//data/genomes/hg38///genome.fa)
	Extracting 3633 sequences from chr1
	Extracting 1527 sequences from chr10
	Extracting 2103 sequences from chr11
	Extracting 1853 sequences from chr12
	Extracting 908 sequences from chr13
	Extracting 1202 sequences from chr14
	Extracting 1287 sequences from chr15
	Extracting 1462 sequences from chr16
	Extracting 1923 sequences from chr17
	Extracting 684 sequences from chr18
	Extracting 1990 sequences from chr19
	Extracting 2580 sequences from chr2
	Extracting 1013 sequences from chr20
	Extracting 522 sequences from chr21
	Extracting 789 sequences from chr22
	Extracting 2042 sequences from chr3
	Extracting 1598 sequences from chr4
	Extracting 1814 sequences from chr5
	Extracting 1968 sequences from chr6
	Extracting 1767 sequences from chr7
	Extracting 1500 sequences from chr8
	Extracting 1525 sequences from chr9
	Extracting 1313 sequences from chrX
	Extracting 144 sequences from chrY
		2903 of 37147 removed because they had >70.00% Ns (i.e. masked repeats)

	Not removing redundant sequences


	Sequences processed:
		Auto detected maximum sequence length of 2500 bp
		34244 total

	Frequency Bins: 0.2 0.25 0.3 0.35 0.4 0.45 0.5 0.6 0.7 0.8
	Freq	Bin	Count
	0.25	1	4
	0.3	2	199
	0.35	3	1773
	0.4	4	3660
	0.45	5	4450
	0.5	6	5647
	0.6	7	12751
	0.7	8	5457
	0.8	9	303
	Bin	# Targets	# Background	Background Weight
	3	1	1772	0.032
	4	7	3653	0.108
	5	10	4440	0.127
	6	46	5601	0.463
	7	233	12518	1.050
	8	271	5186	2.947
	9	25	278	5.072
	Normalizing lower order oligos using homer2

	Reading input files...
	34041 total sequences read
	Autonormalization: 1-mers (4 total)
		A	20.42%	20.76%	0.984
		C	29.58%	29.24%	1.011
		G	29.58%	29.24%	1.011
		T	20.42%	20.76%	0.984
	Autonormalization: 2-mers (16 total)
		AA	5.07%	5.20%	0.975
		CA	6.43%	6.66%	0.967
		GA	6.04%	6.02%	1.003
		TA	2.88%	2.87%	1.002
		AC	4.63%	4.63%	1.001
		CC	10.56%	10.19%	1.036
		GC	8.35%	8.42%	0.992
		TC	6.04%	6.02%	1.003
		AG	7.26%	7.35%	0.988
		CG	5.33%	5.06%	1.054
		GG	10.56%	10.19%	1.036
		TG	6.43%	6.66%	0.967
		AT	3.45%	3.56%	0.967
		CT	7.26%	7.35%	0.988
		GT	4.63%	4.63%	1.001
		TT	5.07%	5.20%	0.975
	Autonormalization: 3-mers (64 total)
	Normalization weights can be found in file: data/processed/cutntag/homer_motifs/gained_anchor_promoters/seq.autonorm.tsv
	Converging on autonormalization solution:
	...............................................................................
	Final normalization:	Autonormalization: 1-mers (4 total)
		A	20.42%	20.47%	0.998
		C	29.58%	29.53%	1.001
		G	29.58%	29.53%	1.001
		T	20.42%	20.47%	0.998
	Autonormalization: 2-mers (16 total)
		AA	5.07%	5.10%	0.995
		CA	6.43%	6.54%	0.984
		GA	6.04%	6.01%	1.005
		TA	2.88%	2.82%	1.021
		AC	4.63%	4.59%	1.008
		CC	10.56%	10.39%	1.016
		GC	8.35%	8.54%	0.978
		TC	6.04%	6.01%	1.005
		AG	7.26%	7.29%	0.996
		CG	5.33%	5.32%	1.002
		GG	10.56%	10.39%	1.016
		TG	6.43%	6.54%	0.984
		AT	3.45%	3.47%	0.994
		CT	7.26%	7.29%	0.996
		GT	4.63%	4.59%	1.008
		TT	5.07%	5.10%	0.995
	Autonormalization: 3-mers (64 total)
	Finished preparing sequence/group files

	----------------------------------------------------------
	Known motif enrichment

	Reading input files...
	34041 total sequences read
	472 motifs loaded
	Cache length = 11180
	Using binomial scoring
	Checking enrichment of 472 motif(s)
	|0%                                    50%                                  100%|
	=================================================================================
	Preparing HTML output with sequence logos...
		1 of 472 (1e-18) Sp1(Zf)/Promoter/Homer
		2 of 472 (1e-12) KLF3(Zf)/MEF-Klf3-ChIP-Seq(GSE44748)/Homer
		3 of 472 (1e-11) Klf9(Zf)/GBM-Klf9-ChIP-Seq(GSE62211)/Homer
		4 of 472 (1e-10) Sp5(Zf)/mES-Sp5.Flag-ChIP-Seq(GSE72989)/Homer
		5 of 472 (1e-9) KLF17(Zf)/2cell-Klf17-CutnTag(GSE211845)/Homer
		6 of 472 (1e-9) Klf4(Zf)/mES-Klf4-ChIP-Seq(GSE11431)/Homer
		7 of 472 (1e-7) KLF1(Zf)/HUDEP2-KLF1-CutnRun(GSE136251)/Homer
		8 of 472 (1e-6) KLF10(Zf)/HEK293-KLF10.GFP-ChIP-Seq(GSE58341)/Homer
		9 of 472 (1e-6) ZBTB33(Zf)/GM12878-ZBTB33-ChIP-Seq(GSE32465)/Homer
		10 of 472 (1e-5) KLF6(Zf)/PDAC-KLF6-ChIP-Seq(GSE64557)/Homer
		11 of 472 (1e-5) Egr2(Zf)/Thymocytes-Egr2-ChIP-Seq(GSE34254)/Homer
		12 of 472 (1e-5) GFY(?)/Promoter/Homer
		13 of 472 (1e-5) ZNF148(Zf)/MDAMB231-ZNF148-ChIP-Seq(GSE147020)/Homer
		14 of 472 (1e-5) Klf15(Zf)/Liver-Klf15-ChIP-Seq(GSE166083)/Homer
		15 of 472 (1e-4) Maz(Zf)/HepG2-Maz-ChIP-Seq(GSE31477)/Homer
		16 of 472 (1e-4) LRF(Zf)/Erythroblasts-ZBTB7A-ChIP-Seq(GSE74977)/Homer
		17 of 472 (1e-4) Ronin(THAP)/ES-Thap11-ChIP-Seq(GSE51522)/Homer
		18 of 472 (1e-4) YY1(Zf)/Promoter/Homer
		19 of 472 (1e-3) WT1(Zf)/Kidney-WT1-ChIP-Seq(GSE90016)/Homer
		20 of 472 (1e-3) KLF5(Zf)/LoVo-KLF5-ChIP-Seq(GSE49402)/Homer
		21 of 472 (1e-3) GFX(?)/Promoter/Homer
		22 of 472 (1e-3) GFY-Staf(?,Zf)/Promoter/Homer
		23 of 472 (1e-3) KLF14(Zf)/HEK293-KLF14.GFP-ChIP-Seq(GSE58341)/Homer
		24 of 472 (1e-3) E2F3(E2F)/MEF-E2F3-ChIP-Seq(GSE71376)/Homer
		25 of 472 (1e-3) Elk1(ETS)/Hela-Elk1-ChIP-Seq(GSE31477)/Homer
		26 of 472 (1e-3) Rbpj1(?)/Panc1-Rbpj1-ChIP-Seq(GSE47459)/Homer
		27 of 472 (1e-2) Elk4(ETS)/Hela-Elk4-ChIP-Seq(GSE31477)/Homer
		28 of 472 (1e-2) Npas4(bHLH)/Neuron-Npas4-ChIP-Seq(GSE127793)/Homer
		29 of 472 (1e-2) ZNF317(Zf)/HEK293-ZNF317.GFP-ChIP-Seq(GSE58341)/Homer
		30 of 472 (1e-2) BANP(?)/ESC-Banp-ChIP-Seq(GSE155603)/Homer
		31 of 472 (1e-2) Sp2(Zf)/HEK293-Sp2.eGFP-ChIP-Seq(Encode)/Homer
		32 of 472 (1e-2) LXRE(NR),DR4/RAW-LXRb.biotin-ChIP-Seq(GSE21512)/Homer
		33 of 472 (1e-2) HRE(HSF)/HepG2-HSF1-ChIP-Seq(GSE31477)/Homer
		34 of 472 (1e-2) E2F7(E2F)/Hela-E2F7-ChIP-Seq(GSE32673)/Homer
		35 of 472 (1e-2) AP-2gamma(AP2)/MCF7-TFAP2C-ChIP-Seq(GSE21234)/Homer
		36 of 472 (1e-2) HRE(HSF)/Striatum-HSF1-ChIP-Seq(GSE38000)/Homer
		37 of 472 (1e-2) Egr1(Zf)/K562-Egr1-ChIP-Seq(GSE32465)/Homer
		38 of 472 (1e-2) DMRT1(DM)/Testis-DMRT1-ChIP-Seq(GSE64892)/Homer
		39 of 472 (1e-2) NFkB-p50,p52(RHD)/Monocyte-p50-ChIP-Chip(Schreiber_et_al.)/Homer
		40 of 472 (1e-2) AMYB(HTH)/Testes-AMYB-ChIP-Seq(GSE44588)/Homer
		41 of 472 (1e-2) Tcf7(HMG)/GM12878-TCF7-ChIP-Seq(Encode)/Homer
		42 of 472 (1e-2) ELF1(ETS)/Jurkat-ELF1-ChIP-Seq(SRA014231)/Homer
		43 of 472 (1e-2) AR-halfsite(NR)/LNCaP-AR-ChIP-Seq(GSE27824)/Homer
		44 of 472 (1e-2) NFY(CCAAT)/Promoter/Homer
		45 of 472 (1e-2) NFkB2-p52(RHD)/U266-NFKB2-ChIP-seq(GSE230466)/Homer
		46 of 472 (1e-2) Duxbl(Homeobox)/NIH3T3-Duxbl.HA-ChIP-Seq(GSE119782)/Homer
		47 of 472 (1e-2) CRE(bZIP)/Promoter/Homer
		48 of 472 (1e-2) Brn1(POU,Homeobox)/NPC-Brn1-ChIP-Seq(GSE35496)/Homer
		49 of 472 (1e-2) JunD(bZIP)/K562-JunD-ChIP-Seq/Homer
		50 of 472 (1e-2) EWS:FLI1-fusion(ETS)/SK_N_MC-EWS:FLI1-ChIP-Seq(SRA014231)/Homer
	----------------------------------------------------------
	De novo motif finding (HOMER)

	Number of Trial motifs (-T) set to 8 (from 10) to work well with 8 CPUs
	Scanning input files...
	Parsing sequences...
	|0%                                   50%                                  100%|
	================================================================================
	Total number of Oligos: 32896
	Autoadjustment for sequence coverage in background: 0.96x

	Oligos: 32896 of 34497 max
	Tree  : 67064 of 172485 max
	Optimizing memory usage...
	Cache length = 11180
	Using binomial scoring

	Global Optimization Phase: Looking for enriched oligos with up to 2 mismatches...

	Screening oligos 32896 (allowing 0 mismatches):
	|0%                                   50%                                  100%|
	================================================================================
		0.43% skipped, 99.57% checked (32756 of 32896), of those checked:
		0.43% not in target, 0.00% increased p-value, 0.00% high p-value

	Screening oligos 32896 (allowing 1 mismatches):
	|0%                                   50%                                  100%|
	================================================================================
		0.43% skipped, 99.57% checked (32756 of 32896), of those checked:
		0.00% not in target, 44.58% increased p-value, 61.27% high p-value

	Screening oligos 32896 (allowing 2 mismatches):
	|0%                                   50%                                  100%|
	================================================================================
		81.24% skipped, 18.76% checked (6171 of 32896), of those checked:
		0.00% not in target, 11.26% increased p-value, 0.00% high p-value
	Reading input files...
	34041 total sequences read
	Cache length = 11180
	Using binomial scoring

	Local Optimization Phase:
	1 of 25 Initial Sequence: GCCCCGCC... (-81.188)
		Round 1: -81.19 GCCCCGCC T:1058.0(83.23%),B:26430.0(59.31%),P:1e-35
		Round 2: -81.19 GCCCCGCC T:1058.0(83.23%),B:26430.0(59.31%),P:1e-35
		=Final=: -19.77 GCCCCGCC T:349.0(58.85%),B:14256.6(46.80%),P:1e-8
		Performing exhaustive masking of motif...
		Reprioritizing potential motifs...
	2 of 25 Initial Sequence: GCCACGCC... (-37.796)
		Round 1: -50.12 GYCCCGCC T:498.0(56.85%),B:13633.8(37.11%),P:1e-21
		Round 2: -50.70 GYCACGCC T:531.0(59.19%),B:14575.9(39.10%),P:1e-22
		Round 3: -50.70 GYCACGCC T:531.0(59.19%),B:14575.9(39.10%),P:1e-22
		=Final=: -30.10 GYCACGCC T:278.0(46.88%),B:9818.7(32.23%),P:1e-13
		Performing exhaustive masking of motif...
		Reprioritizing potential motifs...
	3 of 25 Initial Sequence: GATCAAGG... (-32.225)
		Round 1: -35.88 GATCAAGG T:111.0(17.08%),B:2149.8(7.05%),P:1e-15
		Round 2: -35.88 GATCAAGG T:111.0(17.08%),B:2149.8(7.05%),P:1e-15
		=Final=: -10.51 GATCAAGG T:67.0(11.30%),B:2047.5(6.72%),P:1e-4
		Performing exhaustive masking of motif...
		Reprioritizing potential motifs...
	4 of 25 Initial Sequence: GTGGGCGG... (-22.884)
		Round 1: -32.97 GTGGGCGG T:295.0(39.22%),B:8311.6(24.63%),P:1e-14
		Round 2: -32.97 GTGGGCGG T:295.0(39.22%),B:8311.6(24.63%),P:1e-14
		=Final=: -25.39 GTGGGCGG T:208.0(35.08%),B:6955.4(22.83%),P:1e-11
		Performing exhaustive masking of motif...
		Reprioritizing potential motifs...
	5 of 25 Initial Sequence: CGCCTCTT... (-22.157)
		Round 1: -28.54 CGCCTCTT T:168.0(24.69%),B:4282.6(13.56%),P:1e-12
		Round 2: -28.54 CGCCTCTT T:168.0(24.69%),B:4282.6(13.56%),P:1e-12
		=Final=: -16.65 CGCCTCTT T:121.0(20.40%),B:3834.9(12.59%),P:1e-7
		Performing exhaustive masking of motif...
		Reprioritizing potential motifs...
	6 of 25 Initial Sequence: CCCCCCCC... (-22.117)
		Round 1: -23.80 CCCCCCCC T:497.0(56.78%),B:16687.4(43.32%),P:1e-10
		Round 2: -23.80 CCCCCCCC T:497.0(56.78%),B:16687.4(43.32%),P:1e-10
		=Final=: -9.14 CCCCCCCC T:84.0(14.17%),B:2857.8(9.38%),P:1e-3
		Performing exhaustive masking of motif...
		Reprioritizing potential motifs...
	7 of 25 Initial Sequence: TCGCGAGA... (-18.209)
		Round 1: -33.98 TCGCGAGA T:124.0(18.88%),B:2581.6(8.41%),P:1e-14
		Round 2: -35.58 TCACGAGA T:117.0(17.92%),B:2337.7(7.64%),P:1e-15
		Round 3: -35.58 TCACGAGA T:117.0(17.92%),B:2337.7(7.64%),P:1e-15
		=Final=: -17.34 TCACGAGA T:64.0(10.79%),B:1566.0(5.14%),P:1e-7
		Performing exhaustive masking of motif...
		Reprioritizing potential motifs...
	8 of 25 Initial Sequence: GGAACACC... (-14.337)
		Round 1: -14.34 GGAACACC T:68.0(10.84%),B:1695.7(5.60%),P:1e-6
		Round 2: -14.34 GGAACACC T:68.0(10.84%),B:1695.7(5.60%),P:1e-6
		=Final=: -7.80 GGAACACC T:52.0(8.77%),B:1631.3(5.35%),P:1e-3
		Performing exhaustive masking of motif...
		Reprioritizing potential motifs...
	9 of 25 Initial Sequence: ACTCCCCG... (-13.965)
		Round 1: -13.96 ACTCCCCG T:85.0(13.36%),B:2312.2(7.56%),P:1e-6
		Round 2: -13.96 ACTCCCCG T:85.0(13.36%),B:2312.2(7.56%),P:1e-6
		=Final=: -10.18 ACTCCCCG T:70.0(11.80%),B:2191.5(7.19%),P:1e-4
		Performing exhaustive masking of motif...
		Reprioritizing potential motifs...
	10 of 25 Initial Sequence: GGTGGGGC... (-13.585)
		Round 1: -18.13 GGTGGGGC T:492.0(56.41%),B:17490.3(44.85%),P:1e-7
		Round 2: -19.52 GGTAGGTC T:490.0(56.26%),B:17145.0(44.19%),P:1e-8
		Round 3: -19.52 GGTAGGTC T:490.0(56.26%),B:17145.0(44.19%),P:1e-8
		=Final=: -14.34 GGTAGGTC T:297.0(50.08%),B:12224.3(40.13%),P:1e-6
		Performing exhaustive masking of motif...
		Reprioritizing potential motifs...
	11 of 25 Initial Sequence: GGCGGATC... (-13.516)
		Round 1: -21.20 GGCGGATC T:335.0(43.19%),B:10997.8(31.21%),P:1e-9
		Round 2: -21.20 GGCGGATC T:335.0(43.19%),B:10997.8(31.21%),P:1e-9
		=Final=: -17.83 GGCGGATC T:317.0(53.46%),B:12831.0(42.12%),P:1e-7
		Performing exhaustive masking of motif...
		Reprioritizing potential motifs...
	12 of 25 Initial Sequence: ACGGCGAT... (-13.058)
		Round 1: -24.68 ACGGCGAT T:135.0(20.38%),B:3379.7(10.86%),P:1e-10
		Round 2: -24.68 ACGGCGAT T:135.0(20.38%),B:3379.7(10.86%),P:1e-10
		=Final=: -13.57 ACGGCGAT T:47.0(7.93%),B:1126.3(3.70%),P:1e-5
		Performing exhaustive masking of motif...
		Reprioritizing potential motifs...
	13 of 25 Initial Sequence: GTACGCAA... (-12.972)
		Round 1: -20.82 GTWCGCAA T:37.0(6.05%),B:519.9(1.75%),P:1e-9
		Round 2: -20.82 GTWCGCAA T:37.0(6.05%),B:519.9(1.75%),P:1e-9
		=Final=: -15.77 GTWCGCAA T:30.0(5.06%),B:508.3(1.67%),P:1e-6
		Performing exhaustive masking of motif...
		Reprioritizing potential motifs...
	14 of 25 Initial Sequence: AGGGGCGT... (-12.413)
		Round 1: -12.41 AGGGGCGT T:84.0(13.22%),B:2373.9(7.76%),P:1e-5
		Round 2: -12.41 AGGGGCGT T:84.0(13.22%),B:2373.9(7.76%),P:1e-5
		=Final=: -9.08 AGGGGCGT T:69.0(11.64%),B:2232.9(7.33%),P:1e-3
		Performing exhaustive masking of motif...
		Reprioritizing potential motifs...
	15 of 25 Initial Sequence: ATATCATA... (-11.913)
		Round 1: -18.53 ATATCATA T:65.0(10.39%),B:1395.9(4.64%),P:1e-8
		Round 2: -18.53 ATATCATA T:65.0(10.39%),B:1395.9(4.64%),P:1e-8
		=Final=: -6.75 ATATCATA T:42.0(7.08%),B:1302.2(4.27%),P:1e-2
		Performing exhaustive masking of motif...
		Reprioritizing potential motifs...
	16 of 25 Initial Sequence: GCGTAGAC... (-11.386)
		Round 1: -11.39 GCGTAGAC T:27.0(4.45%),B:494.3(1.67%),P:1e-4
		Round 2: -11.39 GCGTAGAC T:27.0(4.45%),B:494.3(1.67%),P:1e-4
		=Final=: -12.10 GCGTAGAC T:26.0(4.38%),B:486.8(1.60%),P:1e-5
		Performing exhaustive masking of motif...
		Reprioritizing potential motifs...
	17 of 25 Initial Sequence: ACGAGAGG... (-11.160)
		Round 1: -11.16 ACGAGAGG T:39.0(6.37%),B:860.9(2.88%),P:1e-4
		Round 2: -11.16 ACGAGAGG T:39.0(6.37%),B:860.9(2.88%),P:1e-4
		=Final=: -11.19 ACGAGAGG T:36.0(6.07%),B:842.8(2.77%),P:1e-4
		Performing exhaustive masking of motif...
		Reprioritizing potential motifs...
	18 of 25 Initial Sequence: CTGGAACA... (-10.886)
		Round 1: -11.55 CTGGAACA T:144.0(21.58%),B:4704.7(14.79%),P:1e-5
		Round 2: -11.55 CTGGAACA T:144.0(21.58%),B:4704.7(14.79%),P:1e-5
		=Final=: -7.78 CTGGAACA T:113.0(19.06%),B:4270.3(14.02%),P:1e-3
		Performing exhaustive masking of motif...
		Reprioritizing potential motifs...
	19 of 25 Initial Sequence: CTACAACG... (-10.853)
		Round 1: -23.32 CTACAACG T:182.0(26.45%),B:5094.7(15.91%),P:1e-10
		Round 2: -23.32 CTACAACG T:182.0(26.45%),B:5094.7(15.91%),P:1e-10
		=Final=: -23.50 CTACAACG T:150.0(25.30%),B:4585.9(15.05%),P:1e-10
		Performing exhaustive masking of motif...
		Reprioritizing potential motifs...
	20 of 25 Initial Sequence: CCCCGCCC... (-10.784)
		Round 1: -11.84 NCCCGCCH T:583.0(62.62%),B:22605.8(53.65%),P:1e-5
		Round 2: -12.27 CCCCGCMC T:602.0(63.80%),B:23261.6(54.68%),P:1e-5
		Round 3: -12.27 CCCCGCMC T:602.0(63.80%),B:23261.6(54.68%),P:1e-5
		=Final=: -12.13 CCCCGCMC T:324.0(54.64%),B:13870.2(45.53%),P:1e-5
		Performing exhaustive masking of motif...
		Reprioritizing potential motifs...
	21 of 25 Initial Sequence: CGTTCTCA... (-10.625)
		Round 1: -18.23 CGTTCTCA T:155.0(23.02%),B:4530.7(14.28%),P:1e-7
		Round 2: -18.23 CGTTCTCA T:155.0(23.02%),B:4530.7(14.28%),P:1e-7
		=Final=: -18.13 CGTTCTCA T:123.0(20.74%),B:3815.8(12.53%),P:1e-7
		Performing exhaustive masking of motif...
		Reprioritizing potential motifs...
	22 of 25 Initial Sequence: ACGCACTA... (-10.497)
		Round 1: -18.78 ACGCACTA T:78.0(12.33%),B:1818.6(6.00%),P:1e-8
		Round 2: -21.03 ACGCACTA T:118.0(18.06%),B:3044.8(9.84%),P:1e-9
		Round 3: -21.03 ACGCACTA T:118.0(18.06%),B:3044.8(9.84%),P:1e-9
		=Final=: -16.71 ACGCACTA T:97.0(16.36%),B:2850.3(9.36%),P:1e-7
		Performing exhaustive masking of motif...
		Reprioritizing potential motifs...
	23 of 25 Initial Sequence: TCTTAATC... (-10.308)
		Round 1: -15.31 TCTTAATC T:57.0(9.17%),B:1282.0(4.26%),P:1e-6
		Round 2: -15.31 TCTTAATC T:57.0(9.17%),B:1282.0(4.26%),P:1e-6
		=Final=: -16.26 TCTTAATC T:53.0(8.94%),B:1225.5(4.02%),P:1e-7
		Performing exhaustive masking of motif...
		Reprioritizing potential motifs...
	24 of 25 Initial Sequence: CGGAACAT... (-10.278)
		Round 1: -17.53 CGGAACAT T:345.0(44.14%),B:11839.7(33.15%),P:1e-7
		Round 2: -17.53 CGGAACAT T:345.0(44.14%),B:11839.7(33.15%),P:1e-7
		=Final=: -18.19 CGGAACAT T:136.0(22.93%),B:4354.9(14.30%),P:1e-7
		Performing exhaustive masking of motif...
		Reprioritizing potential motifs...
	25 of 25 Initial Sequence: CCGAACTC... (-10.246)
		Round 1: -19.20 CCGAACTC T:297.0(39.42%),B:9758.2(28.25%),P:1e-8
		Round 2: -19.20 CCGAACTC T:297.0(39.42%),B:9758.2(28.25%),P:1e-8
		=Final=: -16.07 CCGAACTC T:197.0(33.22%),B:7228.9(23.73%),P:1e-6
		Performing exhaustive masking of motif...
		Reprioritizing potential motifs...

	Finalizing Enrichment Statistics (new in v3.4)
	Reading input files...
	34041 total sequences read
	Cache length = 11180
	Using binomial scoring
	Checking enrichment of 25 motif(s)
	|0%                                    50%                                  100%|
	=================================================================================
	Output in file: data/processed/cutntag/homer_motifs/gained_anchor_promoters/homerMotifs.motifs8


	Number of Trial motifs (-T) set to 8 (from 10) to work well with 8 CPUs
	Scanning input files...
	Parsing sequences...
	|0%                                   50%                                  100%|
	================================================================================
	Total number of Oligos: 524662
	Autoadjustment for sequence coverage in background: 0.96x

	Oligos: 524662 of 551887 max
	Tree  : 1070824 of 2759435 max
	Optimizing memory usage...
	Cache length = 11180
	Using binomial scoring

	Global Optimization Phase: Looking for enriched oligos with up to 2 mismatches...

	Screening oligos 524662 (allowing 0 mismatches):
	|0%                                   50%                                  100%|
	================================================================================
		38.34% skipped, 61.66% checked (323517 of 524662), of those checked:
		38.34% not in target, 0.00% increased p-value, 0.00% high p-value

	Screening oligos 524662 (allowing 1 mismatches):
	|0%                                   50%                                  100%|
	================================================================================
		38.34% skipped, 61.66% checked (323517 of 524662), of those checked:
		0.00% not in target, 28.01% increased p-value, 38.81% high p-value

	Screening oligos 524662 (allowing 2 mismatches):
	|0%                                   50%                                  100%|
	================================================================================
		85.13% skipped, 14.87% checked (78014 of 524662), of those checked:
		0.00% not in target, 13.19% increased p-value, 0.00% high p-value
	Reading input files...
	34041 total sequences read
	Cache length = 11180
	Using binomial scoring

	Local Optimization Phase:
	1 of 25 Initial Sequence: GGGGCGGGGC... (-114.092)
		Round 1: -161.40 GGGGCGGGGC T:912.0(78.55%),B:16320.8(42.62%),P:1e-70
		Round 2: -161.40 GGGGCGGGGC T:912.0(78.55%),B:16320.8(42.62%),P:1e-70
		=Final=: -69.92 GGGGCGGGGC T:246.0(41.48%),B:6249.4(20.51%),P:1e-30
		Performing exhaustive masking of motif...
		Reprioritizing potential motifs...
	2 of 25 Initial Sequence: CCCCTTGATC... (-74.573)
		Round 1: -74.57 CCCCTTGATC T:32.0(5.26%),B:60.8(0.20%),P:1e-32
		Round 2: -74.57 CCCCTTGATC T:32.0(5.26%),B:60.8(0.20%),P:1e-32
		=Final=: -8.48 CCCCTTGATC T:7.0(1.18%),B:60.8(0.20%),P:1e-3
		Performing exhaustive masking of motif...
		Reprioritizing potential motifs...
	3 of 25 Initial Sequence: CACGCCTCTT... (-72.189)
		Round 1: -85.69 CACGCCTCTT T:54.0(8.71%),B:207.2(0.70%),P:1e-37
		Round 2: -85.69 CACGCCTCTT T:54.0(8.71%),B:207.2(0.70%),P:1e-37
		=Final=: -8.84 CACGCCTCTT T:519.0(87.52%),B:24964.7(81.95%),P:1e-3
		Performing exhaustive masking of motif...
		Reprioritizing potential motifs...
	4 of 25 Initial Sequence: TAGGCGGGGC... (-50.010)
		Round 1: -86.74 TAGGCGGGGC T:506.0(57.43%),B:11123.9(31.51%),P:1e-37
		Round 2: -105.22 KGGGCGGGGC T:474.0(55.07%),B:9277.1(27.07%),P:1e-45
		Round 3: -115.58 TGGGCGGGGC T:657.0(67.01%),B:13361.7(36.54%),P:1e-50
		Round 4: -123.47 DRGGCGGRRC T:660.0(67.17%),B:12980.0(35.71%),P:1e-53
		Round 5: -126.70 DRGGCGGRRC T:717.0(70.18%),B:14163.3(38.25%),P:1e-55
		Round 6: -126.93 KGGGCGGGGC T:626.0(65.23%),B:11942.2(33.40%),P:1e-55
		Round 7: -126.93 KGGGCGGGGC T:626.0(65.23%),B:11942.2(33.40%),P:1e-55
		=Final=: -54.26 KGGGCGGGGC T:245.0(41.32%),B:6889.3(22.61%),P:1e-23
		Performing exhaustive masking of motif...
		Reprioritizing potential motifs...
	5 of 25 Initial Sequence: GTCAACGTAT... (-35.899)
		Round 1: -35.90 GTCAACGTAT T:8.0(1.34%),B:2.5(0.01%),P:1e-15
		Round 2: -35.90 GTCAACGTAT T:8.0(1.34%),B:2.5(0.01%),P:1e-15
		=Final=: -36.65 GTCAACGTAT T:8.0(1.35%),B:2.5(0.01%),P:1e-15
		Performing exhaustive masking of motif...
		Reprioritizing potential motifs...
	6 of 25 Initial Sequence: TTTACGCGCA... (-31.065)
		Round 1: -36.39 TTTACGCGCA T:13.0(2.17%),B:14.3(0.05%),P:1e-15
		Round 2: -36.39 TTTACGCGCA T:13.0(2.17%),B:14.3(0.05%),P:1e-15
		=Final=: -39.83 TTTACGCGCA T:13.0(2.19%),B:14.3(0.05%),P:1e-17
		Performing exhaustive masking of motif...
		Reprioritizing potential motifs...
	7 of 25 Initial Sequence: TGCGAACATA... (-30.857)
		Round 1: -38.36 TGCGAACATA T:13.0(2.17%),B:12.8(0.04%),P:1e-16
		Round 2: -38.36 TGCGAACATA T:13.0(2.17%),B:12.8(0.04%),P:1e-16
		=Final=: -41.80 TGCGAACATA T:13.0(2.19%),B:12.8(0.04%),P:1e-18
		Performing exhaustive masking of motif...
		Reprioritizing potential motifs...
	8 of 25 Initial Sequence: GTCGTGTCGA... (-30.040)
		Round 1: -30.04 GTCGTGTCGA T:7.0(1.17%),B:2.5(0.01%),P:1e-13
		Round 2: -30.04 GTCGTGTCGA T:7.0(1.17%),B:2.5(0.01%),P:1e-13
		=Final=: -31.32 GTCGTGTCGA T:7.0(1.18%),B:2.5(0.01%),P:1e-13
		Performing exhaustive masking of motif...
		Reprioritizing potential motifs...
	9 of 25 Initial Sequence: CAGTCTCGGC... (-28.186)
		Round 1: -28.98 CAGTCTCGGC T:32.0(5.26%),B:298.4(1.01%),P:1e-12
		Round 2: -30.04 CAGAMTCGGC T:35.0(5.74%),B:347.2(1.17%),P:1e-13
		Round 3: -30.04 CAGAMTCGGC T:35.0(5.74%),B:347.2(1.17%),P:1e-13
		=Final=: -8.44 CAGAMTCGGC T:18.0(3.04%),B:347.2(1.14%),P:1e-3
		Performing exhaustive masking of motif...
		Reprioritizing potential motifs...
	10 of 25 Initial Sequence: GGTCGCATGC... (-25.382)
		Round 1: -25.38 GGTCGCATGC T:9.0(1.51%),B:9.3(0.03%),P:1e-11
		Round 2: -25.38 GGTCGCATGC T:9.0(1.51%),B:9.3(0.03%),P:1e-11
		=Final=: -28.69 GGTCGCATGC T:9.0(1.52%),B:9.3(0.03%),P:1e-12
		Performing exhaustive masking of motif...
		Reprioritizing potential motifs...
	11 of 25 Initial Sequence: TATGATATCT... (-25.138)
		Round 1: -31.97 TATSATATCT T:23.0(3.81%),B:119.6(0.40%),P:1e-13
		Round 2: -32.97 TATSATATCT T:33.0(5.42%),B:274.9(0.93%),P:1e-14
		Round 3: -32.97 TATSATATCT T:33.0(5.42%),B:274.9(0.93%),P:1e-14
		=Final=: -7.04 TATSATATCT T:14.0(2.36%),B:265.2(0.87%),P:1e-3
		Performing exhaustive masking of motif...
		Reprioritizing potential motifs...
	12 of 25 Initial Sequence: CACAGGTTTG... (-24.632)
		Round 1: -24.63 CACAGGTTTG T:19.0(3.16%),B:109.2(0.37%),P:1e-10
		Round 2: -24.63 CACAGGTTTG T:19.0(3.16%),B:109.2(0.37%),P:1e-10
		=Final=: -27.29 CACAGGTTTG T:19.0(3.20%),B:109.1(0.36%),P:1e-11
		Performing exhaustive masking of motif...
		Reprioritizing potential motifs...
	13 of 25 Initial Sequence: CTGTTCCAGA... (-24.436)
		Round 1: -30.98 CTGTTCCAGA T:48.0(7.78%),B:608.9(2.05%),P:1e-13
		Round 2: -32.40 CTGTTMCAGA T:51.0(8.25%),B:632.4(2.13%),P:1e-14
		Round 3: -36.35 YTGTTACAGA T:47.0(7.63%),B:500.9(1.69%),P:1e-15
		Round 4: -36.35 YTGTTACAGA T:47.0(7.63%),B:500.9(1.69%),P:1e-15
		=Final=: -18.69 YTGTTACAGA T:32.0(5.40%),B:497.8(1.63%),P:1e-8
		Performing exhaustive masking of motif...
		Reprioritizing potential motifs...
	14 of 25 Initial Sequence: GCACGCACTA... (-24.144)
		Round 1: -32.26 BCACGCACDA T:27.0(4.45%),B:176.7(0.60%),P:1e-14
		Round 2: -39.94 BCACGCACWA T:34.0(5.58%),B:228.3(0.77%),P:1e-17
		Round 3: -39.94 BCACGCACWA T:34.0(5.58%),B:228.3(0.77%),P:1e-17
		=Final=: -29.21 BCACGCACWA T:27.0(4.55%),B:226.2(0.74%),P:1e-12
		Performing exhaustive masking of motif...
		Reprioritizing potential motifs...
	15 of 25 Initial Sequence: TTGTTGCGTA... (-23.444)
		Round 1: -23.44 TTGTTGCGTA T:8.0(1.34%),B:7.7(0.02%),P:1e-10
		Round 2: -23.44 TTGTTGCGTA T:8.0(1.34%),B:7.7(0.02%),P:1e-10
		=Final=: -26.72 TTGTTGCGTA T:8.0(1.35%),B:7.7(0.03%),P:1e-11
		Performing exhaustive masking of motif...
		Reprioritizing potential motifs...
	16 of 25 Initial Sequence: GCTCGCCGTA... (-23.270)
		Round 1: -23.27 GCTCGCCGTA T:11.0(1.84%),B:24.9(0.08%),P:1e-10
		Round 2: -23.27 GCTCGCCGTA T:11.0(1.84%),B:24.9(0.08%),P:1e-10
		=Final=: -26.39 GCTCGCCGTA T:11.0(1.85%),B:24.9(0.08%),P:1e-11
		Performing exhaustive masking of motif...
		Reprioritizing potential motifs...
	17 of 25 Initial Sequence: ACGCTATTTT... (-22.863)
		Round 1: -22.86 ACGCTATTTT T:11.0(1.84%),B:25.5(0.09%),P:1e-9
		Round 2: -22.86 ACGCTATTTT T:11.0(1.84%),B:25.5(0.09%),P:1e-9
		=Final=: -25.96 ACGCTATTTT T:11.0(1.85%),B:25.5(0.08%),P:1e-11
		Performing exhaustive masking of motif...
		Reprioritizing potential motifs...
	18 of 25 Initial Sequence: GTGTTGTAGC... (-22.795)
		Round 1: -24.69 GTGTTGTAGC T:60.0(9.63%),B:1056.8(3.53%),P:1e-10
		Round 2: -27.20 CTGTTGTAGC T:34.0(5.58%),B:363.2(1.23%),P:1e-11
		Round 3: -28.34 RTRTYGTAGC T:29.0(4.78%),B:247.6(0.84%),P:1e-12
		Round 4: -28.34 RTRTYGTAGC T:29.0(4.78%),B:247.6(0.84%),P:1e-12
		=Final=: -30.94 RTRTYGTAGC T:29.0(4.89%),B:246.5(0.81%),P:1e-13
		Performing exhaustive masking of motif...
		Reprioritizing potential motifs...
	19 of 25 Initial Sequence: ATTGCGGCTT... (-22.382)
		Round 1: -22.38 ATTGCGGCTT T:8.0(1.34%),B:8.3(0.03%),P:1e-9
		Round 2: -22.38 ATTGCGGCTT T:8.0(1.34%),B:8.3(0.03%),P:1e-9
		=Final=: -25.67 ATTGCGGCTT T:8.0(1.35%),B:8.3(0.03%),P:1e-11
		Performing exhaustive masking of motif...
		Reprioritizing potential motifs...
	20 of 25 Initial Sequence: TGGCGGATAA... (-22.382)
		Round 1: -25.14 TGGCGGATAA T:10.0(1.67%),B:14.4(0.05%),P:1e-10
		Round 2: -25.14 TGGCGGATAA T:10.0(1.67%),B:14.4(0.05%),P:1e-10
		=Final=: -28.42 TGGCGGATAA T:10.0(1.69%),B:14.4(0.05%),P:1e-12
		Performing exhaustive masking of motif...
		Reprioritizing potential motifs...
	21 of 25 Initial Sequence: GAGACGATTA... (-22.209)
		Round 1: -22.21 GAGACGATTA T:9.0(1.51%),B:13.7(0.04%),P:1e-9
		Round 2: -22.21 GAGACGATTA T:9.0(1.51%),B:13.7(0.04%),P:1e-9
		=Final=: -25.45 GAGACGATTA T:9.0(1.52%),B:13.7(0.04%),P:1e-11
		Performing exhaustive masking of motif...
		Reprioritizing potential motifs...
	22 of 25 Initial Sequence: TCCCCGTAGC... (-22.163)
		Round 1: -22.91 TCCCCGTAGC T:18.0(2.99%),B:106.7(0.36%),P:1e-9
		Round 2: -30.94 TCCACGTAGC T:41.0(6.69%),B:443.7(1.50%),P:1e-13
		Round 3: -30.94 TCCACGTAGC T:41.0(6.69%),B:443.7(1.50%),P:1e-13
		=Final=: -31.03 TCCACGTAGC T:38.0(6.41%),B:431.7(1.42%),P:1e-13
		Performing exhaustive masking of motif...
		Reprioritizing potential motifs...
	23 of 25 Initial Sequence: CGTTACAGTA... (-21.773)
		Round 1: -26.43 CGTTACAGTA T:9.0(1.51%),B:8.2(0.03%),P:1e-11
		Round 2: -26.43 CGTTACAGTA T:9.0(1.51%),B:8.2(0.03%),P:1e-11
		=Final=: -29.74 CGTTACAGTA T:9.0(1.52%),B:8.2(0.03%),P:1e-12
		Performing exhaustive masking of motif...
		Reprioritizing potential motifs...
	24 of 25 Initial Sequence: TGGGCGGGGA... (-21.696)
		Round 1: -35.62 NGGGCGGGGN T:469.0(54.69%),B:14127.4(38.17%),P:1e-15
		Round 2: -37.54 WGGGCGGGGH T:398.0(48.92%),B:11485.6(32.35%),P:1e-16
		Round 3: -37.54 WGGGCGGGGH T:398.0(48.92%),B:11485.6(32.35%),P:1e-16
		=Final=: -21.52 WGGGCGGGGH T:169.0(28.50%),B:5525.4(18.14%),P:1e-9
		Performing exhaustive masking of motif...
		Reprioritizing potential motifs...
	25 of 25 Initial Sequence: ACGGTCACGA... (-21.586)
		Round 1: -24.82 ACGGTCACGA T:37.0(6.05%),B:445.6(1.50%),P:1e-10
		Round 2: -32.59 ACGGTCAGGR T:35.0(5.74%),B:316.1(1.07%),P:1e-14
		Round 3: -32.59 ACGGTCAGGR T:35.0(5.74%),B:316.1(1.07%),P:1e-14
		=Final=: -35.41 ACGGTCAGGR T:35.0(5.90%),B:314.6(1.03%),P:1e-15
		Performing exhaustive masking of motif...
		Reprioritizing potential motifs...

	Finalizing Enrichment Statistics (new in v3.4)
	Reading input files...
	34041 total sequences read
	Cache length = 11180
	Using binomial scoring
	Checking enrichment of 25 motif(s)
	|0%                                    50%                                  100%|
	=================================================================================
	Output in file: data/processed/cutntag/homer_motifs/gained_anchor_promoters/homerMotifs.motifs10


	Number of Trial motifs (-T) set to 8 (from 10) to work well with 8 CPUs
	-blen automatically set to 2
	Scanning input files...
	Parsing sequences...
	|0%                                   50%                                  100%|
	================================================================================
	Total number of Oligos: 7159314
	Autoadjustment for sequence coverage in background: 0.96x

	Oligos: 7159314 of 8830118 max
	Tree  : 15021932 of 44150590 max
	Optimizing memory usage...
	Cache length = 11180
	Using binomial scoring

	Global Optimization Phase: Looking for enriched oligos with up to 2 mismatches...

	Screening oligos 7159314 (allowing 0 mismatches):
	|0%                                   50%                                  100%|
	================================================================================
		89.53% skipped, 10.47% checked (749449 of 7159314), of those checked:
		89.53% not in target, 0.00% increased p-value, 0.00% high p-value

	Screening oligos 7159314 (allowing 1 mismatches):
	|0%                                   50%                                  100%|
	================================================================================
		89.53% skipped, 10.47% checked (749449 of 7159314), of those checked:
		0.00% not in target, 8.29% increased p-value, 2.46% high p-value

	Screening oligos 7159314 (allowing 2 mismatches):
	|0%                                   50%                                  100%|
	================================================================================
		98.39% skipped, 1.61% checked (115273 of 7159314), of those checked:
		0.00% not in target, 1.25% increased p-value, 0.00% high p-value
	Reading input files...
	34041 total sequences read
	Cache length = 11180
	Using binomial scoring

	Local Optimization Phase:
	1 of 25 Initial Sequence: CTCTTCCCCTTG... (-120.822)
		Round 1: -129.97 CTCTTCCCCTTG T:45.0(7.31%),B:44.6(0.15%),P:1e-56
		Round 2: -129.97 CTCTTCCCCTTG T:45.0(7.31%),B:44.6(0.15%),P:1e-56
		=Final=: -3.24 CTCTTCCCCTTG T:220.0(37.10%),B:10230.0(33.58%),P:1e-1
		Performing exhaustive masking of motif...
		Reprioritizing potential motifs...
	2 of 25 Initial Sequence: GGGGCGGGGCCA... (-113.375)
		Round 1: -173.20 GGGGCGGGGCCA T:755.0(72.04%),B:12565.5(34.80%),P:1e-75
		Round 2: -188.64 GGGGCGGGGCCA T:732.0(70.93%),B:11402.1(32.17%),P:1e-81
		Round 3: -188.64 GGGGCGGGGCCA T:732.0(70.93%),B:11402.1(32.17%),P:1e-81
		=Final=: -105.10 GGGGCGGGGCCA T:283.0(47.72%),B:6471.7(21.24%),P:1e-45
		Performing exhaustive masking of motif...
		Reprioritizing potential motifs...
	3 of 25 Initial Sequence: CGCCGAGACTGG... (-106.923)
		Round 1: -106.92 CGCCGAGACTGG T:19.0(3.16%),B:2.2(0.01%),P:1e-46
		Round 2: -106.92 CGCCGAGACTGG T:19.0(3.16%),B:2.2(0.01%),P:1e-46
		=Final=: -11.56 CGCCGAGACTGG T:3.0(0.51%),B:2.2(0.01%),P:1e-5
		Performing exhaustive masking of motif...
		Reprioritizing potential motifs...
	4 of 25 Initial Sequence: GTTCTGGAACAG... (-48.495)
		Round 1: -62.90 GTTCTGGAACAG T:18.0(2.99%),B:10.8(0.03%),P:1e-27
		Round 2: -69.66 GTTCTKKAACAG T:21.0(3.48%),B:14.8(0.05%),P:1e-30
		Round 3: -69.66 GTTCTKKAACAG T:21.0(3.48%),B:14.8(0.05%),P:1e-30
		=Final=: -14.88 GTTCTKKAACAG T:5.0(0.84%),B:7.9(0.03%),P:1e-6
		Performing exhaustive masking of motif...
		Reprioritizing potential motifs...
	5 of 25 Initial Sequence: ATGATATCTAAA... (-48.005)
		Round 1: -62.40 ATCATATMTAAA T:19.0(3.16%),B:13.4(0.04%),P:1e-27
		Round 2: -65.64 ATSATATMTAAV T:19.0(3.16%),B:11.7(0.04%),P:1e-28
		Round 3: -65.64 ATSATATMTAAV T:19.0(3.16%),B:11.7(0.04%),P:1e-28
		=Final=: -3.89 ATSATATMTAAV T:139.0(23.44%),B:6077.9(19.95%),P:1e-1
		Performing exhaustive masking of motif...
		Reprioritizing potential motifs...
	6 of 25 Initial Sequence: GGTCTTGTGCGT... (-48.005)
		Round 1: -48.01 GGTCTTGTGCGT T:10.0(1.67%),B:0.4(0.00%),P:1e-20
		Round 2: -48.01 GGTCTTGTGCGT T:10.0(1.67%),B:0.4(0.00%),P:1e-20
		=Final=: -54.59 GGTCTTGTGCGT T:10.0(1.69%),B:0.4(0.00%),P:1e-23
		Performing exhaustive masking of motif...
		Reprioritizing potential motifs...
	7 of 25 Initial Sequence: TTATTGGGCTCC... (-48.005)
		Round 1: -48.01 TTATTGGGCTCC T:10.0(1.67%),B:1.6(0.00%),P:1e-20
		Round 2: -48.01 TTATTGGGCTCC T:10.0(1.67%),B:1.6(0.00%),P:1e-20
		=Final=: -54.59 TTATTGGGCTCC T:10.0(1.69%),B:1.6(0.01%),P:1e-23
		Performing exhaustive masking of motif...
		Reprioritizing potential motifs...
	8 of 25 Initial Sequence: GGGGAGTCGGCT... (-47.312)
		Round 1: -47.31 GGGGAGTCGGCT T:11.0(1.84%),B:3.3(0.01%),P:1e-20
		Round 2: -47.31 GGGGAGTCGGCT T:11.0(1.84%),B:3.3(0.01%),P:1e-20
		=Final=: -2.87 GGGGAGTCGGCT T:1.0(0.17%),B:3.3(0.01%),P:1e-1
		Performing exhaustive masking of motif...
		Reprioritizing potential motifs...
	9 of 25 Initial Sequence: ACCTGTGGCCGA... (-45.540)
		Round 1: -45.54 ACCTGTGGCCGA T:13.0(2.17%),B:7.9(0.02%),P:1e-19
		Round 2: -45.54 ACCTGTGGCCGA T:13.0(2.17%),B:7.9(0.02%),P:1e-19
		=Final=: -2.50 ACCTGTGGCCGA T:486.0(81.96%),B:24244.2(79.58%),P:1e-1
		Performing exhaustive masking of motif...
		Reprioritizing potential motifs...
	10 of 25 Initial Sequence: GGCGGGGCTTAG... (-46.433)
		Round 1: -75.26 GGCGGGGCTTAG T:315.0(41.24%),B:6400.2(19.58%),P:1e-32
		Round 2: -89.26 GGCGGGGCTTAG T:313.0(41.04%),B:5776.4(17.85%),P:1e-38
		Round 3: -89.26 GGCGGGGCTTAG T:313.0(41.04%),B:5776.4(17.85%),P:1e-38
		=Final=: -56.90 GGCGGGGCTTAG T:193.0(32.55%),B:4684.8(15.38%),P:1e-24
		Performing exhaustive masking of motif...
		Reprioritizing potential motifs...
	11 of 25 Initial Sequence: GCCGCTGTCACG... (-43.276)
		Round 1: -43.28 GCCGCTGTCACG T:11.0(1.84%),B:4.8(0.01%),P:1e-18
		Round 2: -43.28 GCCGCTGTCACG T:11.0(1.84%),B:4.8(0.01%),P:1e-18
		=Final=: -9.51 GCCGCTGTCACG T:3.0(0.51%),B:4.8(0.02%),P:1e-4
		Performing exhaustive masking of motif...
		Reprioritizing potential motifs...
	12 of 25 Initial Sequence: TATCCGCCAGTC... (-41.891)
		Round 1: -41.89 TATCCGCCAGTC T:9.0(1.51%),B:2.1(0.01%),P:1e-18
		Round 2: -41.89 TATCCGCCAGTC T:9.0(1.51%),B:2.1(0.01%),P:1e-18
		=Final=: -42.11 TATCCGCCAGTC T:9.0(1.52%),B:2.1(0.01%),P:1e-18
		Performing exhaustive masking of motif...
		Reprioritizing potential motifs...
	13 of 25 Initial Sequence: GACCTTTTCACA... (-41.891)
		Round 1: -41.89 GACCTTTTCACA T:9.0(1.51%),B:1.9(0.00%),P:1e-18
		Round 2: -41.89 GACCTTTTCACA T:9.0(1.51%),B:1.9(0.00%),P:1e-18
		=Final=: -48.33 GACCTTTTCACA T:9.0(1.52%),B:1.9(0.01%),P:1e-20
		Performing exhaustive masking of motif...
		Reprioritizing potential motifs...
	14 of 25 Initial Sequence: AAAATAGCGTTT... (-41.891)
		Round 1: -43.28 AAAATAGCGTTT T:11.0(1.84%),B:4.0(0.01%),P:1e-18
		Round 2: -43.28 AAAATAGCGTTT T:11.0(1.84%),B:4.0(0.01%),P:1e-18
		=Final=: -45.75 AAAATAGCGTTT T:11.0(1.85%),B:4.0(0.01%),P:1e-19
		Performing exhaustive masking of motif...
		Reprioritizing potential motifs...
	15 of 25 Initial Sequence: TGCTACTTTTAA... (-41.891)
		Round 1: -41.89 TGCTACTTTTAA T:9.0(1.51%),B:3.0(0.01%),P:1e-18
		Round 2: -41.89 TGCTACTTTTAA T:9.0(1.51%),B:3.0(0.01%),P:1e-18
		=Final=: -42.11 TGCTACTTTTAA T:9.0(1.52%),B:2.8(0.01%),P:1e-18
		Performing exhaustive masking of motif...
		Reprioritizing potential motifs...
	16 of 25 Initial Sequence: CGCACGTTGGAA... (-41.891)
		Round 1: -54.23 CGCACGTTGGAA T:11.0(1.84%),B:2.4(0.01%),P:1e-23
		Round 2: -54.23 CGCACGTTGGAA T:11.0(1.84%),B:2.4(0.01%),P:1e-23
		=Final=: -53.34 CGCACGTTGGAA T:11.0(1.85%),B:2.4(0.01%),P:1e-23
		Performing exhaustive masking of motif...
		Reprioritizing potential motifs...
	17 of 25 Initial Sequence: CTGCGGCATGGT... (-41.891)
		Round 1: -64.88 YTGCGGCWTGGT T:18.0(2.99%),B:9.9(0.03%),P:1e-28
		Round 2: -71.21 TTGCGGCATGGT T:17.0(2.83%),B:5.5(0.02%),P:1e-30
		Round 3: -79.27 HKGCGKCWTVGW T:21.0(3.48%),B:9.5(0.03%),P:1e-34
		Round 4: -79.27 HKGCGKCWTVGW T:21.0(3.48%),B:9.5(0.03%),P:1e-34
		=Final=: -49.89 HKGCGKCWTVGW T:14.0(2.36%),B:9.1(0.03%),P:1e-21
		Performing exhaustive masking of motif...
		Reprioritizing potential motifs...
	18 of 25 Initial Sequence: AACTCTCTACCC... (-41.785)
		Round 1: -41.78 AACTCTCTACCC T:10.0(1.67%),B:4.0(0.01%),P:1e-18
		Round 2: -41.78 AACTCTCTACCC T:10.0(1.67%),B:4.0(0.01%),P:1e-18
		=Final=: -43.64 AACTCTCTACCC T:10.0(1.69%),B:4.0(0.01%),P:1e-18
		Performing exhaustive masking of motif...
		Reprioritizing potential motifs...
	19 of 25 Initial Sequence: CCGGGGAGATTC... (-41.785)
		Round 1: -48.50 CCGGGGAGATTC T:12.0(2.00%),B:4.6(0.01%),P:1e-21
		Round 2: -48.50 CCGGGGAGATTC T:12.0(2.00%),B:4.6(0.01%),P:1e-21
		=Final=: -40.78 CCGGGGAGATTC T:10.0(1.69%),B:4.6(0.02%),P:1e-17
		Performing exhaustive masking of motif...
		Reprioritizing potential motifs...
	20 of 25 Initial Sequence: ATGGCGGGCCGT... (-41.785)
		Round 1: -41.78 ATGGCGGGCCGT T:10.0(1.67%),B:3.0(0.01%),P:1e-18
		Round 2: -41.78 ATGGCGGGCCGT T:10.0(1.67%),B:3.0(0.01%),P:1e-18
		=Final=: -43.64 ATGGCGGGCCGT T:10.0(1.69%),B:3.0(0.01%),P:1e-18
		Performing exhaustive masking of motif...
		Reprioritizing potential motifs...
	21 of 25 Initial Sequence: TCCTGCCACATG... (-38.153)
		Round 1: -38.15 TCCTGCCACATG T:10.0(1.67%),B:4.9(0.01%),P:1e-16
		Round 2: -38.15 TCCTGCCACATG T:10.0(1.67%),B:4.9(0.01%),P:1e-16
		=Final=: -40.78 TCCTGCCACATG T:10.0(1.69%),B:4.9(0.02%),P:1e-17
		Performing exhaustive masking of motif...
		Reprioritizing potential motifs...
	22 of 25 Initial Sequence: CGCGCCGCAAGT... (-36.364)
		Round 1: -36.36 CGCGCCGCAAGT T:9.0(1.51%),B:3.6(0.01%),P:1e-15
		Round 2: -36.36 CGCGCCGCAAGT T:9.0(1.51%),B:3.6(0.01%),P:1e-15
		=Final=: -38.48 CGCGCCGCAAGT T:9.0(1.52%),B:3.6(0.01%),P:1e-16
		Performing exhaustive masking of motif...
		Reprioritizing potential motifs...
	23 of 25 Initial Sequence: CGTAAATCCTGC... (-35.897)
		Round 1: -35.90 CGTAAATCCTGC T:8.0(1.34%),B:2.9(0.01%),P:1e-15
		Round 2: -35.90 CGTAAATCCTGC T:8.0(1.34%),B:2.9(0.01%),P:1e-15
		=Final=: -36.65 CGTAAATCCTGC T:8.0(1.35%),B:2.9(0.01%),P:1e-15
		Performing exhaustive masking of motif...
		Reprioritizing potential motifs...
	24 of 25 Initial Sequence: CTCTTGCTTAGC... (-35.897)
		Round 1: -36.36 CTCTTGCTTAGC T:9.0(1.51%),B:3.9(0.01%),P:1e-15
		Round 2: -38.20 CTCCTGCGTAGC T:11.0(1.84%),B:6.1(0.02%),P:1e-16
		Round 3: -38.20 CTCCTGCGTAGC T:11.0(1.84%),B:6.1(0.02%),P:1e-16
		=Final=: -41.32 CTCCTGCGTAGC T:11.0(1.85%),B:6.1(0.02%),P:1e-17
		Performing exhaustive masking of motif...
		Reprioritizing potential motifs...
	25 of 25 Initial Sequence: AGGGGGACCTAC... (-35.897)
		Round 1: -64.66 AGGGGGACCTAC T:15.0(2.50%),B:4.5(0.01%),P:1e-28
		Round 2: -64.66 AGGGGGACCTAC T:15.0(2.50%),B:4.5(0.01%),P:1e-28
		=Final=: -66.44 AGGGGGACCTAC T:15.0(2.53%),B:4.5(0.01%),P:1e-28
		Performing exhaustive masking of motif...
		Reprioritizing potential motifs...

	Finalizing Enrichment Statistics (new in v3.4)
	Reading input files...
	34041 total sequences read
	Cache length = 11180
	Using binomial scoring
	Checking enrichment of 25 motif(s)
	|0%                                    50%                                  100%|
	=================================================================================
	Output in file: data/processed/cutntag/homer_motifs/gained_anchor_promoters/homerMotifs.motifs12

	(Motifs in homer2 format)
	Determining similar motifs...	75 reduced to 42 motifs
	Outputing HTML and sequence logos for motif comparison...
	Checking de novo motifs against known motifs...
	Formatting HTML page...
		1 of 42 (1e-45) similar to Sp1(Zf)/Promoter/Homer(0.950)
		2 of 42 (1e-28) similar to PLAGL2/MA1548.2/Jaspar(0.677)
		3 of 42 (1e-23) similar to ZBTB24/MA2330.1/Jaspar(0.567)
		4 of 42 (1e-23) similar to Hoxa13/MA0650.4/Jaspar(0.696)
		5 of 42 (1e-23) similar to HIF1A/MA1106.2/Jaspar(0.692)
		6 of 42 (1e-21) similar to ZFP57/MA1583.2/Jaspar(0.638)
		7 of 42 (1e-20) similar to Nur77(NR)/K562-NR4A1-ChIP-Seq(GSE31363)/Homer(0.733)
		8 of 42 (1e-19) similar to MEF2C/MA0497.2/Jaspar(0.710)
		9 of 42 (1e-18) similar to ZNF574/MA1982.2/Jaspar(0.594)
		10 of 42 (1e-18) similar to YY2/MA0748.3/Jaspar(0.761)
		11 of 42 (1e-18) similar to PB0164.1_Smad3_2/Jaspar(0.624)
		12 of 42 (1e-18) similar to PB0050.1_Osr1_1/Jaspar(0.700)
		13 of 42 (1e-18) similar to PB0104.1_Zscan4_1/Jaspar(0.640)
		14 of 42 (1e-17) similar to TCF12/MA1648.2/Jaspar(0.615)
		15 of 42 (1e-17) similar to PB0204.1_Zfp740_2/Jaspar(0.613)
		16 of 42 (1e-17) similar to PH0048.1_Hoxa13/Jaspar(0.765)
		17 of 42 (1e-16) similar to ZBED4/MA2328.1/Jaspar(0.667)
		18 of 42 (1e-15) similar to Mafb/MA0117.3/Jaspar(0.617)
		19 of 42 (1e-15) similar to Hoxd9(Homeobox)/EB-Hoxd9.HA-ChIP-Seq(GSE142377)/Homer(0.655)
		20 of 42 (1e-15) similar to BCL11A/MA2324.1/Jaspar(0.689)
		21 of 42 (1e-15) similar to MXI1/MA1108.3/Jaspar(0.706)
		22 of 42 (1e-13) similar to Npas4(bHLH)/Neuron-Npas4-ChIP-Seq(GSE127793)/Homer(0.719)
		23 of 42 (1e-13) similar to DMRTA2/MA1478.2/Jaspar(0.713)
		24 of 42 (1e-13) similar to CREB3L4/MA1474.2/Jaspar(0.729)
		25 of 42 (1e-12) similar to DMRTA2/MA1478.2/Jaspar(0.732)
		26 of 42 (1e-12) similar to PB0147.1_Max_2/Jaspar(0.668)
		27 of 42 (1e-11) similar to GRHL2/MA1105.3/Jaspar(0.745)
		28 of 42 (1e-11) similar to CEBPG/MA0838.1/Jaspar(0.718)
		29 of 42 (1e-11) similar to PB0009.1_E2F3_1/Jaspar(0.661)
		30 of 42 (1e-11) similar to Barx1(Homeobox)/Stomach-Barx1.3xFlag-ChIP-Seq(GSE69483)/Homer(0.682)
		31 of 42 (1e-10) similar to KLF17(Zf)/2cell-Klf17-CutnTag(GSE211845)/Homer(0.686)
		32 of 42 (1e-8) similar to Vdr/MA0693.4/Jaspar(0.751)
		33 of 42 (1e-7) similar to PB0194.1_Zbtb12_2/Jaspar(0.730)
		34 of 42 (1e-7) similar to ZBTB33/MA0527.2/Jaspar(0.841)
		35 of 42 (1e-6) similar to Arid3b/MA0601.2/Jaspar(0.864)
		36 of 42 (1e-6) similar to ZBTB12/MA1649.2/Jaspar(0.666)
		37 of 42 (1e-5) similar to IRF6/MA1509.1/Jaspar(0.648)
		38 of 42 (1e-4) similar to MEIS2/MA0774.1/Jaspar(0.694)
		39 of 42 (1e-3) similar to PB0040.1_Lef1_1/Jaspar(0.768)
		40 of 42 (1e-3) similar to ZNF189/MA1725.2/Jaspar(0.798)
		41 of 42 (1e-3) similar to PB0105.1_Arid3a_2/Jaspar(0.729)
		42 of 42 (1e-1) similar to PB0203.1_Zfp691_2/Jaspar(0.679)
	Job finished - if results look good, please send beer to ..

	Cleaning up tmp files...

